
> restroom-report-web@1.0.0 build
> next build

▲ Next.js 16.3.8 (Turbopack)
✓ Running next.config.ts took 696ms
⚠ No build cache found. Please configure build caching for faster rebuilds. Read more: https://nextjs.org/docs/messages/no-cache

  Creating an optimized production build ...
✓ Compiled successfully in 1882ms
  Running TypeScript ...
  Finished TypeScript in 1267ms ...
  Collecting page data using 9 workers ...
  Generating static pages using 9 workers (0/9) ...
  Generating static pages using 9 workers (2/9) 
  Generating static pages using 9 workers (4/9) 
  Generating static pages using 9 workers (6/9) 
✓ Generating static pages using 9 workers (9/9) in 137ms
  Finalizing page optimization ...

Route (app)
┌ ○ /
├ ƒ /__/auth/[...path]
├ ○ /_not-found
├ ○ /install
├ ○ /privacy
├ ○ /robots.txt
├ ○ /sitemap.xml
├ ○ /support
└ ○ /terms


○  (Static)   prerendered as static content
ƒ  (Dynamic)  server-rendered on demand

